// Jest Snapshot v1, https://goo.gl/fbAQLP

exports[`renderiza componente <AccountForm /> com conteúdo do children como função corretamente 1`] = `
<div
  className="container"
>
  <div
    className="ant-row"
    style={
      Object {
        "marginLeft": -6,
        "marginRight": -6,
      }
    }
  >
    <div
      className="ant-col formCol ant-col-sm-24 ant-col-lg-24"
      style={
        Object {
          "paddingLeft": 6,
          "paddingRight": 6,
        }
      }
    >
      <div
        className="ant-form ant-form-vertical form"
        onReset={[Function]}
        onSubmit={[Function]}
      >
        <form
          noValidate={true}
          onSubmit={[Function]}
        >
          <div
            className="ant-form-item"
          >
            <div
              className="ant-row ant-form-item-row"
              style={Object {}}
            >
              <div
                className="ant-col ant-form-item-label"
                style={Object {}}
              >
                <label
                  className=""
                  title="Razão Social"
                >
                  Razão Social
                </label>
              </div>
              <div
                className="ant-col ant-form-item-control"
                style={Object {}}
              >
                <div
                  className="ant-form-item-control-input"
                >
                  <div
                    className="ant-form-item-control-input-content"
                  >
                    <input
                      className="ant-input"
                      name="legalName"
                      onBlur={[Function]}
                      onChange={[Function]}
                      onFocus={[Function]}
                      onKeyDown={[Function]}
                      type="text"
                      value="Razão Social"
                    />
                  </div>
                </div>
              </div>
            </div>
          </div>
        </form>
      </div>
      <div
        className="buttonEdit"
      >
        <button
          className="ant-btn ant-btn-primary"
          disabled={false}
          onClick={[Function]}
          type="button"
        >
          <span
            aria-label="edit"
            className="anticon anticon-edit"
            role="img"
          >
            <svg
              aria-hidden="true"
              data-icon="edit"
              fill="currentColor"
              focusable="false"
              height="1em"
              viewBox="64 64 896 896"
              width="1em"
            >
              <path
                d="M257.7 752c2 0 4-.2 6-.5L431.9 722c2-.4 3.9-1.3 5.3-2.8l423.9-423.9a9.96 9.96 0 000-14.1L694.9 114.9c-1.9-1.9-4.4-2.9-7.1-2.9s-5.2 1-7.1 2.9L256.8 538.8c-1.5 1.5-2.4 3.3-2.8 5.3l-29.5 168.2a33.5 33.5 0 009.4 29.8c6.6 6.4 14.9 9.9 23.8 9.9zm67.4-174.4L687.8 215l73.3 73.3-362.7 362.6-88.9 15.7 15.6-89zM880 836H144c-17.7 0-32 14.3-32 32v36c0 4.4 3.6 8 8 8h784c4.4 0 8-3.6 8-8v-36c0-17.7-14.3-32-32-32z"
              />
            </svg>
          </span>
          <span>
            Editar
          </span>
        </button>
      </div>
    </div>
  </div>
</div>
`;

exports[`renderiza componente <AccountForm /> com opção para deleção corretamente 1`] = `
<div
  className="container"
>
  <div
    className="ant-row"
    style={
      Object {
        "marginLeft": -6,
        "marginRight": -6,
      }
    }
  >
    <div
      className="ant-col formCol ant-col-sm-24 ant-col-lg-24"
      style={
        Object {
          "paddingLeft": 6,
          "paddingRight": 6,
        }
      }
    >
      <div
        className="ant-form ant-form-vertical form"
        onReset={[Function]}
        onSubmit={[Function]}
      >
        <form
          noValidate={true}
          onSubmit={[Function]}
        >
          <div
            className="ant-form-item"
          >
            <div
              className="ant-row ant-form-item-row"
              style={Object {}}
            >
              <div
                className="ant-col ant-form-item-label"
                style={Object {}}
              >
                <label
                  className=""
                  title="Razão Social"
                >
                  Razão Social
                </label>
              </div>
              <div
                className="ant-col ant-form-item-control"
                style={Object {}}
              >
                <div
                  className="ant-form-item-control-input"
                >
                  <div
                    className="ant-form-item-control-input-content"
                  >
                    <input
                      className="ant-input"
                      name="legalName"
                      onBlur={[Function]}
                      onChange={[Function]}
                      onFocus={[Function]}
                      onKeyDown={[Function]}
                      type="text"
                      value="Razão Social"
                    />
                  </div>
                </div>
              </div>
            </div>
          </div>
        </form>
      </div>
      <div
        className="buttonEdit"
      >
        <button
          className="ant-btn ant-btn-primary"
          disabled={false}
          onClick={[Function]}
          type="button"
        >
          <span
            aria-label="edit"
            className="anticon anticon-edit"
            role="img"
          >
            <svg
              aria-hidden="true"
              data-icon="edit"
              fill="currentColor"
              focusable="false"
              height="1em"
              viewBox="64 64 896 896"
              width="1em"
            >
              <path
                d="M257.7 752c2 0 4-.2 6-.5L431.9 722c2-.4 3.9-1.3 5.3-2.8l423.9-423.9a9.96 9.96 0 000-14.1L694.9 114.9c-1.9-1.9-4.4-2.9-7.1-2.9s-5.2 1-7.1 2.9L256.8 538.8c-1.5 1.5-2.4 3.3-2.8 5.3l-29.5 168.2a33.5 33.5 0 009.4 29.8c6.6 6.4 14.9 9.9 23.8 9.9zm67.4-174.4L687.8 215l73.3 73.3-362.7 362.6-88.9 15.7 15.6-89zM880 836H144c-17.7 0-32 14.3-32 32v36c0 4.4 3.6 8 8 8h784c4.4 0 8-3.6 8-8v-36c0-17.7-14.3-32-32-32z"
              />
            </svg>
          </span>
          <span>
            Editar
          </span>
        </button>
      </div>
    </div>
  </div>
</div>
`;

exports[`renderiza componente <AccountForm /> no modo de inserção corretamente 1`] = `
<div
  className="container"
>
  <div
    className="ant-row"
    style={
      Object {
        "marginLeft": -6,
        "marginRight": -6,
      }
    }
  >
    <div
      className="ant-col formCol ant-col-sm-24 ant-col-lg-24"
      style={
        Object {
          "paddingLeft": 6,
          "paddingRight": 6,
        }
      }
    >
      <div
        className="ant-form ant-form-vertical form"
        onReset={[Function]}
        onSubmit={[Function]}
      >
        <form
          noValidate={true}
          onSubmit={[Function]}
        >
          <div
            className="ant-form-item"
          >
            <div
              className="ant-row ant-form-item-row"
              style={Object {}}
            >
              <div
                className="ant-col ant-form-item-label"
                style={Object {}}
              >
                <label
                  className=""
                  title="Razão Social"
                >
                  Razão Social
                </label>
              </div>
              <div
                className="ant-col ant-form-item-control"
                style={Object {}}
              >
                <div
                  className="ant-form-item-control-input"
                >
                  <div
                    className="ant-form-item-control-input-content"
                  >
                    <input
                      className="ant-input"
                      name="legalName"
                      onBlur={[Function]}
                      onChange={[Function]}
                      onFocus={[Function]}
                      onKeyDown={[Function]}
                      type="text"
                      value="Razão Social"
                    />
                  </div>
                </div>
              </div>
            </div>
          </div>
        </form>
      </div>
      <div
        className="buttonEdit"
      >
        <button
          className="ant-btn ant-btn-primary"
          disabled={false}
          onClick={[Function]}
          type="button"
        >
          <span
            aria-label="edit"
            className="anticon anticon-edit"
            role="img"
          >
            <svg
              aria-hidden="true"
              data-icon="edit"
              fill="currentColor"
              focusable="false"
              height="1em"
              viewBox="64 64 896 896"
              width="1em"
            >
              <path
                d="M257.7 752c2 0 4-.2 6-.5L431.9 722c2-.4 3.9-1.3 5.3-2.8l423.9-423.9a9.96 9.96 0 000-14.1L694.9 114.9c-1.9-1.9-4.4-2.9-7.1-2.9s-5.2 1-7.1 2.9L256.8 538.8c-1.5 1.5-2.4 3.3-2.8 5.3l-29.5 168.2a33.5 33.5 0 009.4 29.8c6.6 6.4 14.9 9.9 23.8 9.9zm67.4-174.4L687.8 215l73.3 73.3-362.7 362.6-88.9 15.7 15.6-89zM880 836H144c-17.7 0-32 14.3-32 32v36c0 4.4 3.6 8 8 8h784c4.4 0 8-3.6 8-8v-36c0-17.7-14.3-32-32-32z"
              />
            </svg>
          </span>
          <span>
            Editar
          </span>
        </button>
      </div>
    </div>
  </div>
</div>
`;

exports[`renderiza componente <AccountForm /> no modo de visualização corretamente 1`] = `
<div
  className="container"
>
  <div
    className="ant-row"
    style={
      Object {
        "marginLeft": -6,
        "marginRight": -6,
      }
    }
  >
    <div
      className="ant-col formCol ant-col-sm-24 ant-col-lg-24"
      style={
        Object {
          "paddingLeft": 6,
          "paddingRight": 6,
        }
      }
    >
      <div
        className="ant-form ant-form-vertical form"
        onReset={[Function]}
        onSubmit={[Function]}
      >
        <form
          noValidate={true}
          onSubmit={[Function]}
        >
          <div
            className="ant-form-item"
          >
            <div
              className="ant-row ant-form-item-row"
              style={Object {}}
            >
              <div
                className="ant-col ant-form-item-label"
                style={Object {}}
              >
                <label
                  className=""
                  title="Razão Social"
                >
                  Razão Social
                </label>
              </div>
              <div
                className="ant-col ant-form-item-control"
                style={Object {}}
              >
                <div
                  className="ant-form-item-control-input"
                >
                  <div
                    className="ant-form-item-control-input-content"
                  >
                    <input
                      className="ant-input"
                      name="legalName"
                      onBlur={[Function]}
                      onChange={[Function]}
                      onFocus={[Function]}
                      onKeyDown={[Function]}
                      type="text"
                      value="Razão Social"
                    />
                  </div>
                </div>
              </div>
            </div>
          </div>
        </form>
      </div>
      <div
        className="buttonEdit"
      >
        <button
          className="ant-btn ant-btn-primary"
          disabled={false}
          onClick={[Function]}
          type="button"
        >
          <span
            aria-label="edit"
            className="anticon anticon-edit"
            role="img"
          >
            <svg
              aria-hidden="true"
              data-icon="edit"
              fill="currentColor"
              focusable="false"
              height="1em"
              viewBox="64 64 896 896"
              width="1em"
            >
              <path
                d="M257.7 752c2 0 4-.2 6-.5L431.9 722c2-.4 3.9-1.3 5.3-2.8l423.9-423.9a9.96 9.96 0 000-14.1L694.9 114.9c-1.9-1.9-4.4-2.9-7.1-2.9s-5.2 1-7.1 2.9L256.8 538.8c-1.5 1.5-2.4 3.3-2.8 5.3l-29.5 168.2a33.5 33.5 0 009.4 29.8c6.6 6.4 14.9 9.9 23.8 9.9zm67.4-174.4L687.8 215l73.3 73.3-362.7 362.6-88.9 15.7 15.6-89zM880 836H144c-17.7 0-32 14.3-32 32v36c0 4.4 3.6 8 8 8h784c4.4 0 8-3.6 8-8v-36c0-17.7-14.3-32-32-32z"
              />
            </svg>
          </span>
          <span>
            Editar
          </span>
        </button>
      </div>
    </div>
  </div>
</div>
`;
